[2026-04-12T09:03:35.242Z] [test3] Automation started for profile: test3
[2026-04-12T09:03:35.243Z] [test3] Processing video 1/5: tiktok_test.mp4
[2026-04-12T09:03:36.383Z] [test3] Waiting for upload page components (up to 20s)...
[2026-04-12T09:03:37.810Z] [test3] Upload page ready.
[2026-04-12T09:03:37.810Z] [test3] Selecting file...
[2026-04-12T09:03:37.905Z] [test3] Found upload button: button.upload-stage-btn. Intercepting filechooser...
[2026-04-12T09:03:39.525Z] [test3] Strategy 1 success via button.upload-stage-btn
[2026-04-12T09:03:39.526Z] [test3] Video file selection complete. Waiting for UI...
[2026-04-12T09:03:42.529Z] [test3] Waiting for upload UI components...
[2026-04-12T09:03:47.539Z] [test3] Task 1: Clearing title/caption...
[2026-04-12T09:03:52.548Z] [test3] Found caption field: .DraftEditor-root. Clearing text...
[2026-04-12T09:03:53.236Z] [test3] Caption clearing attempt finished.
[2026-04-12T09:03:58.242Z] [test3] Found caption field: [contenteditable="true"]. Clearing text...
[2026-04-12T09:03:58.773Z] [test3] Caption clearing attempt finished.
[2026-04-12T09:03:58.781Z] [test3] Found caption field: .public-DraftEditor-content. Clearing text...
[2026-04-12T09:03:59.317Z] [test3] Caption clearing attempt finished.
[2026-04-12T09:04:04.322Z] [test3] Task 2: Handling Editor and Sound selection...
[2026-04-12T09:04:04.330Z] [test3] Opening Sounds panel...
[2026-04-12T09:04:07.745Z] [test3] Waiting for Favorites tab: button[role="tab"][aria-controls="panel-favorites"], button[role="tab"]:has-text("Favorites")
[2026-04-12T09:04:07.758Z] [test3] Found tab. Clicking via evaluate...
[2026-04-12T09:04:07.776Z] [test3] Tab click result: waiting 3s...
[2026-04-12T09:04:10.855Z] [test3] Looking for Plus button in Favorites panel list...
[2026-04-12T09:04:10.861Z] [test3] Found list container via #panel-favorites
[2026-04-12T09:04:10.869Z] [test3] Found first music item via div[role="listitem"]
[2026-04-12T09:04:10.871Z] [test3] Found plus icon inside music item. Finding parent button...
[2026-04-12T09:04:11.116Z] [test3] Favorite sound added via item-specific parent button.
[2026-04-12T09:04:11.116Z] [test3] Waiting for PropSettingInput to appear...
[2026-04-12T09:04:12.624Z] [test3] Found PropSettingInput. Entering -50...
[2026-04-12T09:04:12.678Z] [test3] Entered -50 into PropSettingInput.
[2026-04-12T09:04:14.912Z] [test3] Changes saved in editor.
[2026-04-12T09:04:17.018Z] [test3] Starting Post click sequence...
[2026-04-12T09:04:17.089Z] [test3] Found Post button via [data-e2e="post_video_button"]
[2026-04-12T09:04:17.090Z] [test3] Clicking Post button (Attempt 1)...
[2026-04-12T09:04:22.188Z] [test3] Found Post button via button:has-text("Post"):not(:has-text("draft"))
[2026-04-12T09:04:22.189Z] [test3] Clicking Post button (Attempt 2)...
[2026-04-12T09:04:27.337Z] [test3] Found Post button via button:has-text("Post"):not(:has-text("draft"))
[2026-04-12T09:04:27.337Z] [test3] Clicking Post button (Attempt 3)...
[2026-04-12T09:04:32.513Z] [test3] Found Post button via button:has-text("Post"):not(:has-text("draft"))
[2026-04-12T09:04:32.514Z] [test3] Clicking Post button (Attempt 4)...
[2026-04-12T09:04:37.651Z] [test3] Found Post button via button:has-text("Post"):not(:has-text("draft"))
[2026-04-12T09:04:37.652Z] [test3] Clicking Post button (Attempt 5)...
[2026-04-12T09:04:42.787Z] [test3] Found Post button via button:has-text("Post"):not(:has-text("draft"))
[2026-04-12T09:04:42.787Z] [test3] Clicking Post button (Attempt 6)...
[2026-04-12T09:04:47.936Z] [test3] Found Post button via button:has-text("Post"):not(:has-text("draft"))
[2026-04-12T09:04:47.937Z] [test3] Clicking Post button (Attempt 7)...
[2026-04-12T09:04:53.112Z] [test3] Found Post button via button:has-text("Post"):not(:has-text("draft"))
[2026-04-12T09:04:53.113Z] [test3] Clicking Post button (Attempt 8)...
[2026-04-12T09:04:58.268Z] [test3] Processing video 2/5: tiktok_test2.mp4
[2026-04-12T09:05:02.577Z] [test3] Selecting file...
[2026-04-12T09:05:02.602Z] [test3] Found upload button: button.upload-stage-btn. Intercepting filechooser...
[2026-04-12T09:05:02.656Z] [test3] Strategy 1 success via button.upload-stage-btn
[2026-04-12T09:05:02.656Z] [test3] Video file selection complete. Waiting for UI...
[2026-04-12T09:05:05.658Z] [test3] Waiting for upload UI components...
[2026-04-12T09:05:10.666Z] [test3] Task 1: Clearing title/caption...
[2026-04-12T09:05:15.679Z] [test3] Found caption field: .DraftEditor-root. Clearing text...
[2026-04-12T09:05:16.348Z] [test3] Caption clearing attempt finished.
[2026-04-12T09:05:21.358Z] [test3] Found caption field: [contenteditable="true"]. Clearing text...
[2026-04-12T09:05:21.898Z] [test3] Caption clearing attempt finished.
[2026-04-12T09:05:21.907Z] [test3] Found caption field: .public-DraftEditor-content. Clearing text...
[2026-04-12T09:05:22.444Z] [test3] Caption clearing attempt finished.
[2026-04-12T09:05:27.447Z] [test3] Task 2: Handling Editor and Sound selection...
[2026-04-12T09:05:27.452Z] [test3] Opening Sounds panel...
[2026-04-12T09:05:30.852Z] [test3] Waiting for Favorites tab: button[role="tab"][aria-controls="panel-favorites"], button[role="tab"]:has-text("Favorites")
[2026-04-12T09:05:30.858Z] [test3] Found tab. Clicking via evaluate...
[2026-04-12T09:05:30.866Z] [test3] Tab click result: waiting 3s...
[2026-04-12T09:05:33.926Z] [test3] Looking for Plus button in Favorites panel list...
[2026-04-12T09:05:33.929Z] [test3] Found list container via #panel-favorites
[2026-04-12T09:05:33.938Z] [test3] Found first music item via div[role="listitem"]
[2026-04-12T09:05:33.940Z] [test3] Found plus icon inside music item. Finding parent button...
[2026-04-12T09:05:34.202Z] [test3] Favorite sound added via item-specific parent button.
[2026-04-12T09:05:34.202Z] [test3] Waiting for PropSettingInput to appear...
[2026-04-12T09:05:35.711Z] [test3] Found PropSettingInput. Entering -50...
[2026-04-12T09:05:35.744Z] [test3] Entered -50 into PropSettingInput.
[2026-04-12T09:05:37.988Z] [test3] Changes saved in editor.
[2026-04-12T09:05:40.088Z] [test3] Starting Post click sequence...
[2026-04-12T09:05:40.173Z] [test3] Found Post button via [data-e2e="post_video_button"]
[2026-04-12T09:05:40.173Z] [test3] Clicking Post button (Attempt 1)...
[2026-04-12T09:05:45.276Z] [test3] Found Post button via button:has-text("Post"):not(:has-text("draft"))
[2026-04-12T09:05:45.277Z] [test3] Clicking Post button (Attempt 2)...
[2026-04-12T09:05:50.419Z] [test3] Found Post button via button:has-text("Post"):not(:has-text("draft"))
[2026-04-12T09:05:50.420Z] [test3] Clicking Post button (Attempt 3)...
[2026-04-12T09:05:55.686Z] [test3] Found Post button via button:has-text("Post"):not(:has-text("draft"))
[2026-04-12T09:05:55.686Z] [test3] Clicking Post button (Attempt 4)...
[2026-04-12T09:06:00.869Z] [test3] Found Post button via button:has-text("Post"):not(:has-text("draft"))
[2026-04-12T09:06:00.869Z] [test3] Clicking Post button (Attempt 5)...
[2026-04-12T09:06:06.016Z] [test3] Found Post button via button:has-text("Post"):not(:has-text("draft"))
[2026-04-12T09:06:06.017Z] [test3] Clicking Post button (Attempt 6)...
[2026-04-12T09:10:35.050Z] [test3] Automation started for profile: test3
[2026-04-12T09:10:35.050Z] [test3] Processing video 1/5: tiktok_test.mp4
[2026-04-12T09:10:36.193Z] [test3] Waiting for upload page components (up to 20s)...
[2026-04-12T09:10:37.521Z] [test3] Upload page ready.
[2026-04-12T09:10:37.521Z] [test3] Selecting file...
[2026-04-12T09:10:37.577Z] [test3] Found upload button: button.upload-stage-btn. Intercepting filechooser...
[2026-04-12T09:10:37.711Z] [test3] Strategy 1 success via button.upload-stage-btn
[2026-04-12T09:10:37.712Z] [test3] Video file selection complete. Waiting for UI...
[2026-04-12T09:10:40.715Z] [test3] Waiting for upload UI components...
[2026-04-12T09:10:45.771Z] [test3] Task 1: Clearing title/caption...
[2026-04-12T09:10:50.784Z] [test3] Found caption field: .DraftEditor-root. Clearing text...
[2026-04-12T09:10:51.443Z] [test3] Caption clearing attempt finished.
[2026-04-12T09:10:56.453Z] [test3] Found caption field: [contenteditable="true"]. Clearing text...
[2026-04-12T09:10:56.990Z] [test3] Caption clearing attempt finished.
[2026-04-12T09:10:56.997Z] [test3] Found caption field: .public-DraftEditor-content. Clearing text...
[2026-04-12T09:10:57.529Z] [test3] Caption clearing attempt finished.
[2026-04-12T09:11:02.533Z] [test3] Task 2: Handling Editor and Sound selection...
[2026-04-12T09:11:02.537Z] [test3] Opening Sounds panel...
[2026-04-12T09:11:05.927Z] [test3] Waiting for Favorites tab: button[role="tab"][aria-controls="panel-favorites"], button[role="tab"]:has-text("Favorites")
[2026-04-12T09:11:05.933Z] [test3] Found tab. Clicking via evaluate...
[2026-04-12T09:11:05.941Z] [test3] Tab click result: waiting 3s...
[2026-04-12T09:11:09.015Z] [test3] Looking for Plus button in Favorites panel list...
[2026-04-12T09:11:09.020Z] [test3] Found list container via #panel-favorites
[2026-04-12T09:11:09.028Z] [test3] Found first music item via div[role="listitem"]
[2026-04-12T09:11:09.030Z] [test3] Found plus icon inside music item. Finding parent button...
[2026-04-12T09:11:09.197Z] [test3] Favorite sound added via item-specific parent button.
[2026-04-12T09:11:09.198Z] [test3] Waiting for PropSettingInput to appear...
[2026-04-12T09:11:10.707Z] [test3] Found PropSettingInput. Entering -50...
[2026-04-12T09:11:10.751Z] [test3] Entered -50 into PropSettingInput.
[2026-04-12T09:11:12.991Z] [test3] Changes saved in editor.
[2026-04-12T09:11:15.067Z] [test3] Starting Post click sequence...
[2026-04-12T09:11:15.155Z] [test3] Found Post button via [data-e2e="post_video_button"]
[2026-04-12T09:11:15.156Z] [test3] Clicking Post button (Attempt 1)...
[2026-04-12T09:11:23.212Z] [test3] Found Post button via button:has-text("Post"):not(:has-text("draft"))
[2026-04-12T09:11:23.213Z] [test3] Clicking Post button (Attempt 2)...
[2026-04-12T09:11:31.317Z] [test3] Found Post button via button:has-text("Post"):not(:has-text("draft"))
[2026-04-12T09:11:31.318Z] [test3] Clicking Post button (Attempt 3)...
[2026-04-12T09:11:39.416Z] [test3] Found Post button via button:has-text("Post"):not(:has-text("draft"))
[2026-04-12T09:11:39.416Z] [test3] Clicking Post button (Attempt 4)...
[2026-04-12T09:11:47.494Z] [test3] Found Post button via button:has-text("Post"):not(:has-text("draft"))
[2026-04-12T09:11:47.494Z] [test3] Clicking Post button (Attempt 5)...
[2026-04-12T09:11:55.586Z] [test3] Found Post button via button:has-text("Post"):not(:has-text("draft"))
[2026-04-12T09:11:55.586Z] [test3] Clicking Post button (Attempt 6)...
[2026-04-12T09:12:03.658Z] [test3] Found Post button via button:has-text("Post"):not(:has-text("draft"))
[2026-04-12T09:12:03.658Z] [test3] Clicking Post button (Attempt 7)...
[2026-04-12T09:12:11.734Z] [test3] Found Post button via button:has-text("Post"):not(:has-text("draft"))
[2026-04-12T09:12:11.735Z] [test3] Clicking Post button (Attempt 8)...
[2026-04-12T09:12:19.818Z] [test3] Processing video 2/5: tiktok_test2.mp4
[2026-04-12T09:12:23.717Z] [test3] Selecting file...
[2026-04-12T09:12:23.734Z] [test3] Found upload button: button.upload-stage-btn. Intercepting filechooser...
[2026-04-12T09:12:23.773Z] [test3] Strategy 1 success via button.upload-stage-btn
[2026-04-12T09:12:23.773Z] [test3] Video file selection complete. Waiting for UI...
[2026-04-12T09:12:26.774Z] [test3] Waiting for upload UI components...
[2026-04-12T09:12:31.780Z] [test3] Task 1: Clearing title/caption...
[2026-04-12T09:12:36.789Z] [test3] Found caption field: .DraftEditor-root. Clearing text...
[2026-04-12T09:12:37.478Z] [test3] Caption clearing attempt finished.
[2026-04-12T09:12:42.487Z] [test3] Found caption field: [contenteditable="true"]. Clearing text...
[2026-04-12T09:12:43.025Z] [test3] Caption clearing attempt finished.
[2026-04-12T09:12:43.035Z] [test3] Found caption field: .public-DraftEditor-content. Clearing text...
[2026-04-12T09:12:43.570Z] [test3] Caption clearing attempt finished.
[2026-04-12T09:12:48.575Z] [test3] Task 2: Handling Editor and Sound selection...
[2026-04-12T09:12:48.580Z] [test3] Opening Sounds panel...
[2026-04-12T09:12:51.981Z] [test3] Waiting for Favorites tab: button[role="tab"][aria-controls="panel-favorites"], button[role="tab"]:has-text("Favorites")
[2026-04-12T09:12:51.986Z] [test3] Found tab. Clicking via evaluate...
[2026-04-12T09:12:51.995Z] [test3] Tab click result: waiting 3s...
[2026-04-12T09:12:55.068Z] [test3] Looking for Plus button in Favorites panel list...
[2026-04-12T09:12:55.072Z] [test3] Found list container via #panel-favorites
[2026-04-12T09:12:55.080Z] [test3] Found first music item via div[role="listitem"]
[2026-04-12T09:12:55.082Z] [test3] Found plus icon inside music item. Finding parent button...
[2026-04-12T09:12:55.327Z] [test3] Favorite sound added via item-specific parent button.
[2026-04-12T09:12:55.327Z] [test3] Waiting for PropSettingInput to appear...
[2026-04-12T09:12:56.835Z] [test3] Found PropSettingInput. Entering -50...
[2026-04-12T09:12:56.881Z] [test3] Entered -50 into PropSettingInput.
[2026-04-12T09:12:59.186Z] [test3] Changes saved in editor.
[2026-04-12T09:13:01.191Z] [test3] Starting Post click sequence...
[2026-04-12T09:13:01.270Z] [test3] Found Post button via [data-e2e="post_video_button"]
[2026-04-12T09:13:01.270Z] [test3] Clicking Post button (Attempt 1)...
[2026-04-12T09:13:09.314Z] [test3] Found Post button via button:has-text("Post"):not(:has-text("draft"))
[2026-04-12T09:13:09.314Z] [test3] Clicking Post button (Attempt 2)...
[2026-04-12T09:13:17.404Z] [test3] Found Post button via button:has-text("Post"):not(:has-text("draft"))
[2026-04-12T09:13:17.404Z] [test3] Clicking Post button (Attempt 3)...
[2026-04-12T09:13:25.496Z] [test3] Found Post button via button:has-text("Post"):not(:has-text("draft"))
[2026-04-12T09:13:25.497Z] [test3] Clicking Post button (Attempt 4)...
[2026-04-12T09:13:33.598Z] [test3] Found Post button via button:has-text("Post"):not(:has-text("draft"))
[2026-04-12T09:13:33.599Z] [test3] Clicking Post button (Attempt 5)...
[2026-04-12T09:13:41.697Z] [test3] Found Post button via button:has-text("Post"):not(:has-text("draft"))
[2026-04-12T09:13:41.697Z] [test3] Clicking Post button (Attempt 6)...
[2026-04-12T09:13:49.774Z] [test3] Found Post button via button:has-text("Post"):not(:has-text("draft"))
[2026-04-12T09:13:49.775Z] [test3] Clicking Post button (Attempt 7)...
[2026-04-12T09:13:57.873Z] [test3] Found Post button via button:has-text("Post"):not(:has-text("draft"))
[2026-04-12T09:13:57.874Z] [test3] Clicking Post button (Attempt 8)...
[2026-04-12T09:14:05.985Z] [test3] Processing video 3/5: tiktok_test3.mp4
[2026-04-12T09:14:09.844Z] [test3] Selecting file...
[2026-04-12T09:14:09.858Z] [test3] Found upload button: button.upload-stage-btn. Intercepting filechooser...
[2026-04-12T09:14:09.893Z] [test3] Strategy 1 success via button.upload-stage-btn
[2026-04-12T09:14:09.893Z] [test3] Video file selection complete. Waiting for UI...
[2026-04-12T09:14:12.896Z] [test3] Waiting for upload UI components...
[2026-04-12T09:14:17.908Z] [test3] Task 1: Clearing title/caption...
[2026-04-12T09:14:22.919Z] [test3] Found caption field: .DraftEditor-root. Clearing text...
[2026-04-12T09:14:23.590Z] [test3] Caption clearing attempt finished.
[2026-04-12T09:14:28.599Z] [test3] Found caption field: [contenteditable="true"]. Clearing text...
[2026-04-12T09:14:29.138Z] [test3] Caption clearing attempt finished.
[2026-04-12T09:14:29.143Z] [test3] Found caption field: .public-DraftEditor-content. Clearing text...
[2026-04-12T09:14:29.676Z] [test3] Caption clearing attempt finished.
[2026-04-12T09:14:34.681Z] [test3] Task 2: Handling Editor and Sound selection...
[2026-04-12T09:14:34.686Z] [test3] Opening Sounds panel...
[2026-04-12T09:14:38.064Z] [test3] Waiting for Favorites tab: button[role="tab"][aria-controls="panel-favorites"], button[role="tab"]:has-text("Favorites")
[2026-04-12T09:14:38.068Z] [test3] Found tab. Clicking via evaluate...
[2026-04-12T09:14:38.074Z] [test3] Tab click result: waiting 3s...
[2026-04-12T09:14:41.142Z] [test3] Looking for Plus button in Favorites panel list...
[2026-04-12T09:14:41.147Z] [test3] Found list container via #panel-favorites
[2026-04-12T09:14:41.153Z] [test3] Found first music item via div[role="listitem"]
[2026-04-12T09:14:41.156Z] [test3] Found plus icon inside music item. Finding parent button...
[2026-04-12T09:14:41.338Z] [test3] Favorite sound added via item-specific parent button.
[2026-04-12T09:14:41.339Z] [test3] Waiting for PropSettingInput to appear...
[2026-04-12T09:14:42.848Z] [test3] Found PropSettingInput. Entering -50...
[2026-04-12T09:14:42.889Z] [test3] Entered -50 into PropSettingInput.
[2026-04-12T09:14:45.128Z] [test3] Changes saved in editor.
[2026-04-12T09:14:47.209Z] [test3] Starting Post click sequence...
[2026-04-12T09:14:47.282Z] [test3] Found Post button via [data-e2e="post_video_button"]
[2026-04-12T09:14:47.283Z] [test3] Clicking Post button (Attempt 1)...
[2026-04-12T09:14:55.329Z] [test3] Found Post button via button:has-text("Post"):not(:has-text("draft"))
[2026-04-12T09:14:55.330Z] [test3] Clicking Post button (Attempt 2)...
[2026-04-12T09:15:03.418Z] [test3] Found Post button via button:has-text("Post"):not(:has-text("draft"))
[2026-04-12T09:15:03.418Z] [test3] Clicking Post button (Attempt 3)...
[2026-04-12T09:15:11.496Z] [test3] Found Post button via button:has-text("Post"):not(:has-text("draft"))
[2026-04-12T09:15:11.496Z] [test3] Clicking Post button (Attempt 4)...
[2026-04-12T09:15:19.592Z] [test3] Found Post button via button:has-text("Post"):not(:has-text("draft"))
[2026-04-12T09:15:19.593Z] [test3] Clicking Post button (Attempt 5)...
[2026-04-12T09:15:27.692Z] [test3] Found Post button via button:has-text("Post"):not(:has-text("draft"))
[2026-04-12T09:15:27.692Z] [test3] Clicking Post button (Attempt 6)...
[2026-04-12T09:15:35.793Z] [test3] Found Post button via button:has-text("Post"):not(:has-text("draft"))
[2026-04-12T09:15:35.793Z] [test3] Clicking Post button (Attempt 7)...
[2026-04-12T09:15:43.891Z] [test3] Found Post button via button:has-text("Post"):not(:has-text("draft"))
[2026-04-12T09:15:43.891Z] [test3] Clicking Post button (Attempt 8)...
[2026-04-12T09:15:52.022Z] [test3] Processing video 4/5: tiktok_test4.mp4
[2026-04-12T09:15:55.876Z] [test3] Selecting file...
[2026-04-12T09:15:55.891Z] [test3] Found upload button: button.upload-stage-btn. Intercepting filechooser...
[2026-04-12T09:15:55.942Z] [test3] Strategy 1 success via button.upload-stage-btn
[2026-04-12T09:15:55.942Z] [test3] Video file selection complete. Waiting for UI...
[2026-04-12T09:15:58.943Z] [test3] Waiting for upload UI components...
[2026-04-12T09:16:03.953Z] [test3] Task 1: Clearing title/caption...
[2026-04-12T09:16:08.963Z] [test3] Found caption field: .DraftEditor-root. Clearing text...
[2026-04-12T09:16:09.635Z] [test3] Caption clearing attempt finished.
[2026-04-12T09:16:14.650Z] [test3] Found caption field: [contenteditable="true"]. Clearing text...
[2026-04-12T09:16:15.178Z] [test3] Caption clearing attempt finished.
[2026-04-12T09:16:15.187Z] [test3] Found caption field: .public-DraftEditor-content. Clearing text...
[2026-04-12T09:16:15.722Z] [test3] Caption clearing attempt finished.
[2026-04-12T09:16:20.728Z] [test3] Task 2: Handling Editor and Sound selection...
[2026-04-12T09:16:20.735Z] [test3] Opening Sounds panel...
[2026-04-12T09:16:24.139Z] [test3] Waiting for Favorites tab: button[role="tab"][aria-controls="panel-favorites"], button[role="tab"]:has-text("Favorites")
[2026-04-12T09:16:24.143Z] [test3] Found tab. Clicking via evaluate...
[2026-04-12T09:16:24.150Z] [test3] Tab click result: waiting 3s...
[2026-04-12T09:16:27.228Z] [test3] Looking for Plus button in Favorites panel list...
[2026-04-12T09:16:27.231Z] [test3] Found list container via #panel-favorites
[2026-04-12T09:16:27.238Z] [test3] Found first music item via div[role="listitem"]
[2026-04-12T09:16:27.242Z] [test3] Found plus icon inside music item. Finding parent button...
[2026-04-12T09:16:27.452Z] [test3] Favorite sound added via item-specific parent button.
[2026-04-12T09:16:27.453Z] [test3] Waiting for PropSettingInput to appear...
[2026-04-12T09:16:28.965Z] [test3] Found PropSettingInput. Entering -50...
[2026-04-12T09:16:29.009Z] [test3] Entered -50 into PropSettingInput.
[2026-04-12T09:16:31.251Z] [test3] Changes saved in editor.
[2026-04-12T09:16:33.335Z] [test3] Task 3: Scheduling video 4...
[2026-04-12T09:16:33.336Z] [test3] Target schedule (Local): 2026-04-12 16:40
[2026-04-12T09:16:33.336Z] [test3] Waiting for schedule radio: input[value="schedule"]
[2026-04-12T09:16:33.353Z] [test3] Selected "Schedule" option.
[2026-04-12T09:16:36.355Z] [test3] Setting Date to 2026-04-12...
[2026-04-12T09:16:36.357Z] [test3] Warning: Could not find Date input (input.TUXTextInputCore-input[value*="-"])
[2026-04-12T09:16:36.357Z] [test3] Setting Time to 16:40...
[2026-04-12T09:16:36.359Z] [test3] Warning: Could not find Time input (input.TUXTextInputCore-input[value*=":"])
[2026-04-12T09:16:39.412Z] [test3] Starting Post click sequence...
[2026-04-12T09:16:39.500Z] [test3] Found Post button via [data-e2e="post_video_button"]
[2026-04-12T09:16:39.501Z] [test3] Clicking Post button (Attempt 1)...
[2026-04-12T09:16:47.544Z] [test3] Found Post button via button:has-text("Post"):not(:has-text("draft"))
[2026-04-12T09:16:47.544Z] [test3] Clicking Post button (Attempt 2)...
[2026-04-12T09:16:55.625Z] [test3] Found Post button via button:has-text("Post"):not(:has-text("draft"))
[2026-04-12T09:16:55.626Z] [test3] Clicking Post button (Attempt 3)...
[2026-04-12T09:17:03.704Z] [test3] Found Post button via button:has-text("Post"):not(:has-text("draft"))
[2026-04-12T09:17:03.704Z] [test3] Clicking Post button (Attempt 4)...
[2026-04-12T09:17:11.787Z] [test3] Found Post button via button:has-text("Post"):not(:has-text("draft"))
[2026-04-12T09:17:11.788Z] [test3] Clicking Post button (Attempt 5)...
[2026-04-12T09:17:19.894Z] [test3] Found Post button via button:has-text("Post"):not(:has-text("draft"))
[2026-04-12T09:17:19.894Z] [test3] Clicking Post button (Attempt 6)...
[2026-04-12T09:17:28.014Z] [test3] Found Post button via button:has-text("Post"):not(:has-text("draft"))
[2026-04-12T09:17:28.015Z] [test3] Clicking Post button (Attempt 7)...
[2026-04-12T09:17:36.114Z] [test3] Found Post button via button:has-text("Post"):not(:has-text("draft"))
[2026-04-12T09:17:36.114Z] [test3] Clicking Post button (Attempt 8)...
[2026-04-12T09:17:44.180Z] [test3] Processing video 5/5: tiktok_test5.mp4
[2026-04-12T09:17:48.234Z] [test3] Selecting file...
[2026-04-12T09:17:48.254Z] [test3] Found upload button: button.upload-stage-btn. Intercepting filechooser...
[2026-04-12T09:17:48.304Z] [test3] Strategy 1 success via button.upload-stage-btn
[2026-04-12T09:17:48.304Z] [test3] Video file selection complete. Waiting for UI...
[2026-04-12T09:17:51.307Z] [test3] Waiting for upload UI components...
[2026-04-12T09:17:56.365Z] [test3] Task 1: Clearing title/caption...
[2026-04-12T09:18:01.375Z] [test3] Found caption field: .DraftEditor-root. Clearing text...
[2026-04-12T09:18:02.039Z] [test3] Caption clearing attempt finished.
[2026-04-12T09:18:07.050Z] [test3] Found caption field: [contenteditable="true"]. Clearing text...
[2026-04-12T09:18:07.579Z] [test3] Caption clearing attempt finished.
[2026-04-12T09:18:07.591Z] [test3] Found caption field: .public-DraftEditor-content. Clearing text...
[2026-04-12T09:18:08.127Z] [test3] Caption clearing attempt finished.
[2026-04-12T09:18:13.130Z] [test3] Task 2: Handling Editor and Sound selection...
[2026-04-12T09:18:13.136Z] [test3] Opening Sounds panel...
[2026-04-12T09:18:16.575Z] [test3] Waiting for Favorites tab: button[role="tab"][aria-controls="panel-favorites"], button[role="tab"]:has-text("Favorites")
[2026-04-12T09:18:16.580Z] [test3] Found tab. Clicking via evaluate...
[2026-04-12T09:18:16.588Z] [test3] Tab click result: waiting 3s...
[2026-04-12T09:18:19.661Z] [test3] Looking for Plus button in Favorites panel list...
[2026-04-12T09:18:19.666Z] [test3] Found list container via #panel-favorites
[2026-04-12T09:18:19.671Z] [test3] Found first music item via div[role="listitem"]
[2026-04-12T09:18:19.676Z] [test3] Found plus icon inside music item. Finding parent button...
[2026-04-12T09:18:19.872Z] [test3] Favorite sound added via item-specific parent button.
[2026-04-12T09:18:19.873Z] [test3] Waiting for PropSettingInput to appear...
[2026-04-12T09:18:21.382Z] [test3] Found PropSettingInput. Entering -50...
[2026-04-12T09:18:21.425Z] [test3] Entered -50 into PropSettingInput.
[2026-04-12T09:18:23.669Z] [test3] Changes saved in editor.
[2026-04-12T09:18:25.753Z] [test3] Task 3: Scheduling video 5...
[2026-04-12T09:18:25.755Z] [test3] Target schedule (Local): 2026-04-12 16:45
[2026-04-12T09:18:25.756Z] [test3] Waiting for schedule radio: input[value="schedule"]
[2026-04-12T09:18:25.799Z] [test3] Selected "Schedule" option.
[2026-04-12T09:18:28.801Z] [test3] Setting Date to 2026-04-12...
[2026-04-12T09:18:28.809Z] [test3] Setting Time to 16:45...
[2026-04-12T09:18:31.868Z] [test3] Starting Post click sequence...
[2026-04-12T09:18:31.921Z] [test3] Found Post button via [data-e2e="post_video_button"]
[2026-04-12T09:18:31.922Z] [test3] Clicking Post button (Attempt 1)...
[2026-04-12T09:18:39.968Z] [test3] Found Post button via button:has-text("Post"):not(:has-text("draft"))
[2026-04-12T09:18:39.968Z] [test3] Clicking Post button (Attempt 2)...
[2026-04-12T09:18:48.073Z] [test3] Found Post button via button:has-text("Post"):not(:has-text("draft"))
[2026-04-12T09:18:48.073Z] [test3] Clicking Post button (Attempt 3)...
[2026-04-12T09:18:56.254Z] [test3] Found Post button via button:has-text("Post"):not(:has-text("draft"))
[2026-04-12T09:18:56.255Z] [test3] Clicking Post button (Attempt 4)...
[2026-04-12T09:19:04.415Z] [test3] Found Post button via button:has-text("Post"):not(:has-text("draft"))
[2026-04-12T09:19:04.416Z] [test3] Clicking Post button (Attempt 5)...
[2026-04-12T09:19:12.497Z] [test3] Found Post button via button:has-text("Post"):not(:has-text("draft"))
[2026-04-12T09:19:12.497Z] [test3] Clicking Post button (Attempt 6)...
[2026-04-12T09:19:20.590Z] [test3] Found Post button via button:has-text("Post"):not(:has-text("draft"))
[2026-04-12T09:19:20.591Z] [test3] Clicking Post button (Attempt 7)...
[2026-04-12T09:19:28.696Z] [test3] Found Post button via button:has-text("Post"):not(:has-text("draft"))
[2026-04-12T09:19:28.696Z] [test3] Clicking Post button (Attempt 8)...
[2026-04-12T09:19:36.810Z] [test3] Automation session ended.
